// Jest Snapshot v1, https://goo.gl/fbAQLP

exports[`<SelectFilters /> Snapshot renders correctly 1`] = `
<Select
  className="objectlist-select-filter"
  getOptionLabel={[Function]}
  getOptionValue={[Function]}
  onChange={[MockFunction]}
  onInputChange={[Function]}
  openMenuOnClick={true}
  options={
    Array [
      Object {
        "Renderer": [Function],
        "key": "c",
        "props": Object {},
      },
    ]
  }
  placeholder="Add filter"
  styles={
    Object {
      "control": [Function],
      "dropdownIndicator": [Function],
      "multiValue": [Function],
      "multiValueLabel": [Function],
    }
  }
  value={null}
/>
`;
